// Jest Snapshot v1, https://goo.gl/fbAQLP

exports[`SmallHallowRoundedButton renders and matches snapshot 1`] = `
<View
  accessible={true}
  focusable={true}
  onClick={[Function]}
  onResponderGrant={[Function]}
  onResponderMove={[Function]}
  onResponderRelease={[Function]}
  onResponderTerminate={[Function]}
  onResponderTerminationRequest={[Function]}
  onStartShouldSetResponder={[Function]}
  style={
    Array [
      Object {
        "alignItems": "center",
        "justifyContent": "center",
      },
      Array [
        Object {
          "alignItems": "center",
          "height": 88.93333333333334,
          "justifyContent": "center",
          "marginTop": 10,
          "width": 250,
        },
        Object {
          "backgroundColor": "#FFFFFF",
          "borderColor": "#009b29",
          "borderWidth": 1,
        },
        Object {
          "borderRadius": 15,
        },
      ],
    ]
  }
  testID="basebutton"
>
  <Text
    style={
      Array [
        Object {
          "fontSize": 18,
          "fontWeight": "bold",
        },
        Object {
          "color": "#009b29",
        },
      ]
    }
  >
    Test
  </Text>
</View>
`;
