// Jest Snapshot v1, https://goo.gl/fbAQLP

exports[`TextButton renders and matches snapshot 1`] = `
<View
  accessible={true}
  focusable={true}
  onClick={[Function]}
  onResponderGrant={[Function]}
  onResponderMove={[Function]}
  onResponderRelease={[Function]}
  onResponderTerminate={[Function]}
  onResponderTerminationRequest={[Function]}
  onStartShouldSetResponder={[Function]}
  style={
    Array [
      Object {
        "alignItems": "center",
        "justifyContent": "center",
      },
      Object {
        "padding": 10,
      },
    ]
  }
  testID="basebutton"
>
  <Text
    style={
      Object {
        "fontSize": 10,
      }
    }
    testID="textInButton"
  >
    Test
  </Text>
</View>
`;
